
===========================================================================
 report_check_types -max_slew -max_cap -max_fanout -violators
============================================================================
max slew

Pin                                    Limit    Slew   Slack
------------------------------------------------------------
mgmt_gpio_out[15]                       2.00    2.92   -0.92 (VIOLATED)
mgmt_gpio_out[14]                       2.00    2.78   -0.78 (VIOLATED)
_5890_/A1                               4.00    4.16   -0.16 (VIOLATED)
pad_flash_clk                           2.00    2.16   -0.16 (VIOLATED)
_6456_/A1                               4.00    4.16   -0.16 (VIOLATED)
_6337_/A1                               4.00    4.16   -0.16 (VIOLATED)
_6439_/A1                               4.00    4.16   -0.16 (VIOLATED)
_4553_/A1                               4.00    4.16   -0.16 (VIOLATED)
_6473_/A1                               4.00    4.16   -0.16 (VIOLATED)
_6286_/A1                               4.00    4.16   -0.16 (VIOLATED)
_6252_/A1                               4.00    4.16   -0.16 (VIOLATED)
_6405_/A1                               4.00    4.16   -0.16 (VIOLATED)
_6422_/A1                               4.00    4.16   -0.16 (VIOLATED)
_6507_/A1                               4.00    4.16   -0.16 (VIOLATED)
_6524_/A1                               4.00    4.16   -0.16 (VIOLATED)
_6303_/A1                               4.00    4.15   -0.15 (VIOLATED)
_6541_/A1                               4.00    4.15   -0.15 (VIOLATED)
_4892_/A1                               4.00    4.15   -0.15 (VIOLATED)
_4613_/A1                               4.00    4.15   -0.15 (VIOLATED)
_6247_/A1                               4.00    4.15   -0.15 (VIOLATED)
_5811_/A1                               4.00    4.15   -0.15 (VIOLATED)
_4558_/A1                               4.00    4.15   -0.15 (VIOLATED)
_4588_/A1                               4.00    4.15   -0.15 (VIOLATED)
_6388_/A1                               4.00    4.15   -0.15 (VIOLATED)
_4573_/A1                               4.00    4.15   -0.15 (VIOLATED)
_6269_/A1                               4.00    4.15   -0.15 (VIOLATED)
_4578_/A1                               4.00    4.15   -0.15 (VIOLATED)
_4758_/A1                               4.00    4.15   -0.15 (VIOLATED)
_5885_/A1                               4.00    4.14   -0.14 (VIOLATED)
_5832_/A1                               4.00    4.14   -0.14 (VIOLATED)
_4723_/A1                               4.00    4.14   -0.14 (VIOLATED)
_5816_/A1                               4.00    4.14   -0.14 (VIOLATED)
_5821_/A1                               4.00    4.14   -0.14 (VIOLATED)
_4509_/A1                               4.00    4.14   -0.14 (VIOLATED)
_4531_/A1                               4.00    4.14   -0.14 (VIOLATED)
_6490_/A1                               4.00    4.14   -0.14 (VIOLATED)
_4526_/A1                               4.00    4.14   -0.14 (VIOLATED)
_4608_/A1                               4.00    4.14   -0.14 (VIOLATED)
_4618_/A1                               4.00    4.13   -0.13 (VIOLATED)
_5992_/A1                               4.00    4.13   -0.13 (VIOLATED)
_4778_/A1                               4.00    4.13   -0.13 (VIOLATED)
_4598_/A1                               4.00    4.13   -0.13 (VIOLATED)
_4568_/A1                               4.00    4.13   -0.13 (VIOLATED)
_4603_/A1                               4.00    4.13   -0.13 (VIOLATED)
_4835_/A1                               4.00    4.12   -0.12 (VIOLATED)
_4492_/A1                               4.00    4.12   -0.12 (VIOLATED)
_5845_/A1                               4.00    4.12   -0.12 (VIOLATED)
_4456_/A2                               4.00    4.12   -0.12 (VIOLATED)
_4583_/A1                               4.00    4.12   -0.12 (VIOLATED)
_4773_/A1                               4.00    4.12   -0.12 (VIOLATED)
_5958_/A1                               4.00    4.12   -0.12 (VIOLATED)
_4768_/A1                               4.00    4.12   -0.12 (VIOLATED)
_4783_/A1                               4.00    4.11   -0.11 (VIOLATED)
_4593_/A1                               4.00    4.11   -0.11 (VIOLATED)
_4563_/A1                               4.00    4.11   -0.11 (VIOLATED)
_4847_/A1                               4.00    4.11   -0.11 (VIOLATED)
_4882_/A1                               4.00    4.11   -0.11 (VIOLATED)
_4852_/A1                               4.00    4.11   -0.11 (VIOLATED)
_5868_/A1                               4.00    4.10   -0.10 (VIOLATED)
_6009_/A1                               4.00    4.10   -0.10 (VIOLATED)
_4887_/A1                               4.00    4.10   -0.10 (VIOLATED)
_4897_/A1                               4.00    4.10   -0.10 (VIOLATED)
_4816_/A1                               4.00    4.10   -0.10 (VIOLATED)
_4857_/A1                               4.00    4.10   -0.10 (VIOLATED)
_4872_/A1                               4.00    4.10   -0.10 (VIOLATED)
_4867_/A1                               4.00    4.10   -0.10 (VIOLATED)
_7289_/A1                               4.00    4.10   -0.10 (VIOLATED)
_4877_/A1                               4.00    4.10   -0.10 (VIOLATED)
_4763_/A1                               4.00    4.09   -0.09 (VIOLATED)
_6213_/A1                               4.00    4.08   -0.08 (VIOLATED)
_4862_/A1                               4.00    4.08   -0.08 (VIOLATED)
_5924_/A1                               4.00    4.08   -0.08 (VIOLATED)
_5941_/A1                               4.00    4.08   -0.08 (VIOLATED)
mgmt_gpio_out[9]                        2.00    2.08   -0.08 (VIOLATED)
_6026_/A1                               4.00    4.07   -0.07 (VIOLATED)
_6196_/A1                               4.00    4.07   -0.07 (VIOLATED)
_6060_/A1                               4.00    4.07   -0.07 (VIOLATED)
_6111_/A1                               4.00    4.07   -0.07 (VIOLATED)
_6371_/A1                               4.00    4.07   -0.07 (VIOLATED)
_6320_/A1                               4.00    4.07   -0.07 (VIOLATED)
_6128_/A1                               4.00    4.06   -0.06 (VIOLATED)
_6077_/A1                               4.00    4.06   -0.06 (VIOLATED)
_6094_/A1                               4.00    4.06   -0.06 (VIOLATED)
_4692_/A2                               4.00    4.03   -0.03 (VIOLATED)
_5907_/A1                               4.00    4.03   -0.03 (VIOLATED)
_5878_/A1                               4.00    4.03   -0.03 (VIOLATED)
_4659_/A2                               4.00    4.02   -0.02 (VIOLATED)
_4746_/A1                               4.00    4.01   -0.01 (VIOLATED)
_6162_/A1                               4.00    4.01   -0.01 (VIOLATED)
_6145_/A1                               4.00    4.01   -0.01 (VIOLATED)
_6179_/A1                               4.00    4.00   -0.00 (VIOLATED)
_4536_/A1                               4.00    4.00   -0.00 (VIOLATED)
_6043_/A1                               4.00    4.00   -0.00 (VIOLATED)
_5975_/A1                               4.00    4.00   -0.00 (VIOLATED)
_6354_/A1                               4.00    4.00   -0.00 (VIOLATED)
_6230_/A1                               4.00    4.00   -0.00 (VIOLATED)
_4626_/A2                               4.00    4.00   -0.00 (VIOLATED)
_4454_/Z                                4.00    4.00   -0.00 (VIOLATED)

max capacitance

Pin                                    Limit     Cap   Slack
------------------------------------------------------------
_4454_/Z                                0.95    1.02   -0.06 (VIOLATED)


===========================================================================
max slew violation count 98
max fanout violation count 0
max cap violation count 1
============================================================================
